// Jest Snapshot v1, https://goo.gl/fbAQLP

exports[`Test Boundary-entity should render correctly 1`] = `
<View
  collapsable={false}
  pointerEvents="box-none"
  style={
    Object {
      "flex": 1,
    }
  }
>
  <View
    style={
      Array [
        Object {
          "position": "absolute",
        },
        Object {
          "height": 50,
          "left": -275,
          "top": 75,
          "width": 750,
        },
      ]
    }
  />
</View>
`;
