// Jest Snapshot v1, https://goo.gl/fbAQLP

exports[`Test ResetPasswordForm-component should render correctly 1`] = `
<View
  collapsable={false}
  pointerEvents="box-none"
  style={
    Object {
      "flex": 1,
    }
  }
>
  <RCTScrollView
    collapsable={false}
    handlerTag={1}
    handlerType="NativeViewGestureHandler"
    onGestureHandlerEvent={[Function]}
    onGestureHandlerStateChange={[Function]}
    waitFor={
      Array [
        Object {
          "current": null,
        },
      ]
    }
  >
    <View>
      <View
        style={
          Object {
            "alignContent": "center",
            "justifyContent": "center",
            "marginVertical": 15,
          }
        }
      >
        <View
          style={
            Object {
              "marginTop": 5,
            }
          }
        >
          <View
            style={Object {}}
          >
            <View
              pointerEvents="none"
              style={
                Array [
                  Object {
                    "bottom": 0,
                    "left": 0,
                    "position": "absolute",
                    "right": 0,
                    "top": 6,
                  },
                  Object {
                    "backgroundColor": "#f6f6f6",
                    "borderColor": "rgba(0, 0, 0, 0.54)",
                    "borderRadius": 15,
                    "borderWidth": 1,
                  },
                ]
              }
              testID="text-input-outline"
            />
            <View>
              <View
                style={
                  Array [
                    Object {
                      "paddingBottom": 0,
                    },
                    Object {
                      "minHeight": 64,
                      "paddingTop": 8,
                    },
                  ]
                }
              >
                <TextInput
                  autoCapitalize="none"
                  editable={true}
                  keyboardType="email-address"
                  maxFontSizeMultiplier={1.5}
                  multiline={false}
                  onBlur={[Function]}
                  onChangeText={[Function]}
                  onFocus={[Function]}
                  placeholder="Email"
                  placeholderTextColor="rgba(0, 0, 0, 0.54)"
                  returnKeyType="next"
                  secureTextEntry={false}
                  selectionColor="#00b0ff"
                  style={
                    Array [
                      Object {
                        "flexGrow": 1,
                        "margin": 0,
                        "paddingHorizontal": 14,
                        "zIndex": 1,
                      },
                      Object {
                        "height": 56,
                      },
                      Object {
                        "paddingBottom": 0,
                        "paddingTop": 0,
                      },
                      Object {
                        "color": "#000000",
                        "fontFamily": "System",
                        "fontSize": 16,
                        "fontVariant": undefined,
                        "fontWeight": undefined,
                        "textAlign": "left",
                        "textAlignVertical": "center",
                      },
                      false,
                      Array [
                        Object {},
                      ],
                    ]
                  }
                  testID="ResetEmailInput"
                  underlineColorAndroid="transparent"
                  value={null}
                />
              </View>
            </View>
          </View>
          <Text
            collapsable={false}
            maxFontSizeMultiplier={1.5}
            nativeID="animatedComponent"
            onLayout={[Function]}
            style={
              Object {
                "color": "#B00020",
                "fontFamily": "System",
                "fontSize": 12,
                "fontWeight": "400",
                "opacity": 0,
                "paddingHorizontal": 12,
                "paddingVertical": 4,
                "textAlign": "left",
                "transform": Array [],
                "writingDirection": "ltr",
              }
            }
          />
        </View>
      </View>
      <View
        style={
          Object {
            "backgroundColor": "#00b0ff",
            "borderColor": "transparent",
            "borderRadius": 15,
            "borderStyle": "solid",
            "borderWidth": 0,
            "elevation": 2,
            "minWidth": 64,
            "shadowColor": "#000000",
            "shadowOffset": Object {
              "height": 0.75,
              "width": 0,
            },
            "shadowOpacity": 0.24,
            "shadowRadius": 1.5,
          }
        }
      >
        <View
          accessibilityRole="button"
          accessibilityState={
            Object {
              "disabled": false,
            }
          }
          accessible={true}
          focusable={true}
          onClick={[Function]}
          onResponderGrant={[Function]}
          onResponderMove={[Function]}
          onResponderRelease={[Function]}
          onResponderTerminate={[Function]}
          onResponderTerminationRequest={[Function]}
          onStartShouldSetResponder={[Function]}
          style={
            Array [
              Object {
                "overflow": "hidden",
              },
              Object {
                "borderRadius": 15,
              },
            ]
          }
        >
          <View
            style={
              Array [
                Object {
                  "alignItems": "center",
                  "flexDirection": "row",
                  "justifyContent": "center",
                },
                Object {
                  "paddingVertical": 5,
                },
              ]
            }
          >
            <Text
              numberOfLines={1}
              selectable={false}
              style={
                Array [
                  Object {
                    "color": "#000000",
                    "fontFamily": "System",
                    "fontWeight": "400",
                  },
                  Object {
                    "textAlign": "left",
                  },
                  Array [
                    Object {
                      "letterSpacing": 1,
                      "marginHorizontal": 16,
                      "marginVertical": 9,
                      "textAlign": "center",
                    },
                    undefined,
                    Object {
                      "textTransform": "uppercase",
                    },
                    Object {
                      "color": "#000000",
                      "fontFamily": "System",
                      "fontWeight": "500",
                    },
                    Object {
                      "fontFamily": "System",
                      "fontWeight": "500",
                    },
                    Object {
                      "fontSize": 16,
                    },
                  ],
                ]
              }
            >
              Reset password
            </Text>
          </View>
        </View>
      </View>
    </View>
  </RCTScrollView>
</View>
`;
