// Jest Snapshot v1, https://goo.gl/fbAQLP

exports[`Test labeled value renders correctly 1`] = `
<div
  className="chakra-stack css-84zodg"
>
  <div
    className="chakra-stack css-x09s84"
  >
    <p
      className="chakra-text css-1lgbcr5"
    >
      label
      :
    </p>
    <div
      className="chakra-stack css-64a7jp"
    >
      <p
        className="chakra-text css-16h254d"
      >
        123
      </p>
    </div>
  </div>
</div>
`;
