// Jest Snapshot v1, https://goo.gl/fbAQLP

exports[`Test user avatar renders correctly 1`] = `
<div
  className="chakra-wrap css-i6bazn"
>
  <ul
    className="chakra-wrap__list css-wah4g8"
  >
    <li
      className="chakra-wrap__listitem css-70qvj9"
    >
      <span
        className="chakra-avatar css-ew7jl2"
      >
        <div
          aria-label="ola Nordmann"
          className="chakra-avatar__initials css-0"
          role="img"
        >
          oN
        </div>
      </span>
      <p
        className="chakra-text css-zyu9tc"
      >
        ola Nordmann
      </p>
    </li>
  </ul>
</div>
`;
