// Jest Snapshot v1, https://goo.gl/fbAQLP

exports[`Test excercise renders correctly 1`] = `
<div>
  <div
    className="css-lt6aye"
  >
    <div
      className="chakra-container css-0"
    >
      <div
        className="chakra-container css-1c2bf3b"
      >
        <form
          className="css-omnk1d"
          onSubmit={[Function]}
        >
          <div
            className="chakra-stack css-1ws1qxv"
          >
            <div
              className="css-0"
            >
              <h3
                className="chakra-heading css-xi606m"
              >
                Register
              </h3>
            </div>
            <div
              className="css-0"
            >
              <h3
                className="chakra-heading css-xi606m"
              >
                Please enter email and password to create a user.
              </h3>
            </div>
            <div
              className="css-0"
            >
              <div
                className="chakra-form-control css-0"
                data-testid="email-input"
                role="group"
              >
                <label
                  className="chakra-form__label css-uvho5g"
                  htmlFor="email"
                  id="field-:r0:-label"
                >
                  Email address
                  <span
                    aria-hidden={true}
                    className="chakra-form__required-indicator css-0"
                    role="presentation"
                  >
                    *
                  </span>
                </label>
                <input
                  aria-required={true}
                  className="chakra-input css-0"
                  disabled={false}
                  id="email"
                  name="email"
                  onBlur={[Function]}
                  onChange={[Function]}
                  onFocus={[Function]}
                  placeholder="ola.nordmann@example.com"
                  readOnly={false}
                  required={true}
                  type="email"
                  value=""
                />
              </div>
            </div>
            <div
              className="chakra-stack css-1cqqob7"
            >
              <div
                className="css-0"
              >
                <div
                  className="chakra-form-control css-0"
                  data-testid="firstname-input"
                  role="group"
                >
                  <label
                    className="chakra-form__label css-uvho5g"
                    htmlFor="firstName"
                    id="field-:r1:-label"
                  >
                    First name
                    <span
                      aria-hidden={true}
                      className="chakra-form__required-indicator css-0"
                      role="presentation"
                    >
                      *
                    </span>
                  </label>
                  <input
                    aria-required={true}
                    className="chakra-input css-0"
                    disabled={false}
                    id="firstName"
                    name="firstName"
                    onBlur={[Function]}
                    onChange={[Function]}
                    onFocus={[Function]}
                    placeholder="Ola"
                    readOnly={false}
                    required={true}
                    type="text"
                    value=""
                  />
                </div>
              </div>
              <div
                className="css-0"
              >
                <div
                  className="chakra-form-control css-0"
                  data-testid="lastname-input"
                  role="group"
                >
                  <label
                    className="chakra-form__label css-uvho5g"
                    htmlFor="lastName"
                    id="field-:r2:-label"
                  >
                    Last name
                    <span
                      aria-hidden={true}
                      className="chakra-form__required-indicator css-0"
                      role="presentation"
                    >
                      *
                    </span>
                  </label>
                  <input
                    aria-required={true}
                    className="chakra-input css-0"
                    disabled={false}
                    id="lastName"
                    name="lastName"
                    onBlur={[Function]}
                    onChange={[Function]}
                    onFocus={[Function]}
                    placeholder="Nordmann"
                    readOnly={false}
                    required={true}
                    type="text"
                    value=""
                  />
                </div>
              </div>
            </div>
            <div
              className="css-0"
            >
              <div
                className="chakra-form-control css-0"
                data-testid="password-input"
                role="group"
              >
                <label
                  className="chakra-form__label css-uvho5g"
                  htmlFor="password"
                  id="field-:r3:-label"
                >
                  Password
                  <span
                    aria-hidden={true}
                    className="chakra-form__required-indicator css-0"
                    role="presentation"
                  >
                    *
                  </span>
                </label>
                <input
                  aria-required={true}
                  autoComplete="new-password"
                  className="chakra-input css-0"
                  disabled={false}
                  id="password"
                  name="password"
                  onBlur={[Function]}
                  onChange={[Function]}
                  onFocus={[Function]}
                  placeholder="• • • • • • • •"
                  readOnly={false}
                  required={true}
                  type="password"
                  value=""
                />
                <div
                  className="chakra-form__helper-text css-0"
                  id="field-:r3:-helptext"
                >
                  Create a new password.
                </div>
              </div>
            </div>
            <div
              className="css-0"
            >
              <div
                className="chakra-form-control css-0"
                data-testid="confirmPassword-input"
                role="group"
              >
                <input
                  aria-required={true}
                  autoComplete="new-password"
                  className="chakra-input css-0"
                  disabled={false}
                  id="confirmPassword"
                  name="confirmPassword"
                  onBlur={[Function]}
                  onChange={[Function]}
                  onFocus={[Function]}
                  placeholder="• • • • • • • •"
                  readOnly={false}
                  required={true}
                  type="password"
                  value=""
                />
                <div
                  className="chakra-form__helper-text css-0"
                  id="field-:r4:-helptext"
                >
                  Repeat your password.
                </div>
              </div>
            </div>
            <div
              className="css-tokvmb"
            />
            <div
              className="css-s2uf1z"
            >
              <button
                className="chakra-button css-4xx2wk"
                disabled={false}
                type="submit"
              >
                Register user
              </button>
            </div>
          </div>
        </form>
      </div>
    </div>
  </div>
</div>
`;
